// Jest Snapshot v1, https://goo.gl/fbAQLP

exports[`CollapsedNavigation should match the snapshot 1`] = `
.c0 {
  width: 60px;
  height: 60px;
  position: fixed;
  bottom: 0;
  right: 0;
  z-index: 1060;
  margin-bottom: 1rem;
  margin-right: 1rem;
  display: -webkit-box;
  display: -webkit-flex;
  display: -ms-flexbox;
  display: flex;
  -webkit-box-pack: center;
  -webkit-justify-content: center;
  -ms-flex-pack: center;
  justify-content: center;
  -webkit-align-items: center;
  -webkit-box-align: center;
  -ms-flex-align: center;
  align-items: center;
  border-radius: 50% !important;
  background-color: #f4d35e !important;
  box-shadow: 0px 3px 5px rgba(0%,0%,0%,0.5);
}

@media only screen and (min-width:768px) {
  .c0 {
    display: none;
  }
}

<div
  className="c0"
>
  <div
    className="hamburger-react"
    onClick={[Function]}
    onKeyUp={[Function]}
    role="button"
    style={
      Object {
        "cursor": "pointer",
        "height": "48px",
        "outline": "none",
        "position": "relative",
        "transform": "none",
        "transition": "0.4s cubic-bezier(0, 0, 0, 1)",
        "userSelect": "none",
        "width": "48px",
      }
    }
    tabIndex={0}
  >
    <div
      style={
        Object {
          "background": "#0d3b66",
          "height": "3px",
          "left": "8px",
          "position": "absolute",
          "top": "13px",
          "transform": "none",
          "transition": "0.4s cubic-bezier(0, 0, 0, 1)",
          "width": "32px",
        }
      }
    />
    <div
      style={
        Object {
          "background": "#0d3b66",
          "height": "3px",
          "left": "8px",
          "position": "absolute",
          "top": "23px",
          "transform": "none",
          "transition": "0.4s cubic-bezier(0, 0, 0, 1)",
          "width": "32px",
        }
      }
    />
    <div
      style={
        Object {
          "background": "#0d3b66",
          "height": "3px",
          "left": "8px",
          "position": "absolute",
          "top": "33px",
          "transform": "none",
          "transition": "0.4s cubic-bezier(0, 0, 0, 1)",
          "width": "32px",
        }
      }
    />
  </div>
</div>
`;
